[    0.000000] Initializing cgroup subsys cpuset
[    0.000000] Initializing cgroup subsys cpu
[    0.000000] Initializing cgroup subsys cpuacct
[    0.000000] Linux version 4.4.0-104-generic (buildd@lgw01-amd64-022) (gcc version 5.4.0 20160609 (Ubuntu 5.4.0-6ubuntu1~16.04.5) ) #127-Ubuntu SMP Mon Dec 11 12:16:42 UTC 2017 (Ubuntu 4.4.0-104.127-generic 4.4.98)
[    0.000000] Command line: BOOT_IMAGE=/boot/vmlinuz-4.4.0-104-generic root=UUID=b5702e2b-9f3b-42ad-8248-878e16b622c8 ro console=tty1 console=ttyS0
[    0.000000] KERNEL supported cpus:
[    0.000000]   Intel GenuineIntel
[    0.000000]   AMD AuthenticAMD
[    0.000000]   Centaur CentaurHauls
[    0.000000] ------------[ cut here ]------------
[    0.000000] WARNING: CPU: 0 PID: 0 at /build/linux-SwhOyu/linux-4.4.0/arch/x86/kernel/fpu/xstate.c:517 fpu__init_system_xstate+0x38b/0x75a()
[    0.000000] XSAVE consistency problem, dumping leaves
[    0.000000] Modules linked in:
[    0.000000] CPU: 0 PID: 0 Comm: swapper Not tainted 4.4.0-104-generic #127-Ubuntu
[    0.000000]  0000000000000086 165d662b2764b4a7 ffffffff81e03d80 ffffffff813fb523
[    0.000000]  ffffffff81e03dc8 ffffffff81caaa28 ffffffff81e03db8 ffffffff810812e2
[    0.000000]  ffffffff81e03e48 ffffffff81e03e4c 0000000000000008 0000000000000100
[    0.000000] Call Trace:
[    0.000000]  [<ffffffff813fb523>] dump_stack+0x63/0x90
[    0.000000]  [<ffffffff810812e2>] warn_slowpath_common+0x82/0xc0
[    0.000000]  [<ffffffff8108137c>] warn_slowpath_fmt+0x5c/0x80
[    0.000000]  [<ffffffff8107cff0>] ? xfeature_size+0x59/0x77
[    0.000000]  [<ffffffff81f6d20b>] fpu__init_system_xstate+0x38b/0x75a
[    0.000000]  [<ffffffff81f5d120>] ? early_idt_handler_array+0x120/0x120
[    0.000000]  [<ffffffff81f6cb76>] fpu__init_system+0x10d/0x245
[    0.000000]  [<ffffffff81f6dc7f>] early_cpu_init+0x139/0x13e
[    0.000000]  [<ffffffff81f6dc7f>] ? early_cpu_init+0x139/0x13e
[    0.000000]  [<ffffffff81f69181>] setup_arch+0xb4/0xcf6
[    0.000000]  [<ffffffff81f5d120>] ? early_idt_handler_array+0x120/0x120
[    0.000000]  [<ffffffff81f5dc74>] start_kernel+0xe4/0x4a2
[    0.000000]  [<ffffffff81f5d120>] ? early_idt_handler_array+0x120/0x120
[    0.000000]  [<ffffffff81f5d339>] x86_64_start_reservations+0x2a/0x2c
[    0.000000]  [<ffffffff81f5d485>] x86_64_start_kernel+0x14a/0x16d
[    0.000000] ---[ end trace 4d5ff9f2f68c4233 ]---
[    0.000000] CPUID[0d, 00]: eax=00000007 ebx=00000440 ecx=00000440 edx=00000000
[    0.000000] CPUID[0d, 01]: eax=00000000 ebx=00000440 ecx=00000000 edx=00000000
[    0.000000] CPUID[0d, 02]: eax=00000100 ebx=00000240 ecx=00000000 edx=00000000
[    0.000000] CPUID[0d, 03]: eax=00000000 ebx=00000000 ecx=00000000 edx=00000000
[    0.000000] CPUID[0d, 04]: eax=00000000 ebx=00000000 ecx=00000000 edx=00000000
[    0.000000] CPUID[0d, 05]: eax=00000000 ebx=00000000 ecx=00000000 edx=00000000
[    0.000000] CPUID[0d, 06]: eax=00000000 ebx=00000000 ecx=00000000 edx=00000000
[    0.000000] CPUID[0d, 07]: eax=00000000 ebx=00000000 ecx=00000000 edx=00000000
[    0.000000] CPUID[0d, 08]: eax=00000000 ebx=00000000 ecx=00000000 edx=00000000
[    0.000000] CPUID[0d, 09]: eax=00000000 ebx=00000000 ecx=00000000 edx=00000000
[    0.000000] CPUID[0d, 0a]: eax=00000000 ebx=00000000 ecx=00000000 edx=00000000
[    0.000000] CPUID[0d, 0b]: eax=00000000 ebx=00000000 ecx=00000000 edx=00000000
[    0.000000] CPUID[0d, 0c]: eax=00000000 ebx=00000000 ecx=00000000 edx=00000000
[    0.000000] CPUID[0d, 0d]: eax=00000000 ebx=00000000 ecx=00000000 edx=00000000
[    0.000000] CPUID[0d, 0e]: eax=00000000 ebx=00000000 ecx=00000000 edx=00000000
[    0.000000] CPUID[0d, 0f]: eax=00000000 ebx=00000000 ecx=00000000 edx=00000000
[    0.000000] CPUID[0d, 10]: eax=00000000 ebx=00000000 ecx=00000000 edx=00000000
[    0.000000] CPUID[0d, 11]: eax=00000000 ebx=00000000 ecx=00000000 edx=00000000
[    0.000000] x86/fpu: xstate_offset[2]:  576, xstate_sizes[2]:  256
[    0.000000] x86/fpu: Supporting XSAVE feature 0x01: 'x87 floating point registers'
[    0.000000] x86/fpu: Supporting XSAVE feature 0x02: 'SSE registers'
[    0.000000] x86/fpu: Supporting XSAVE feature 0x04: 'AVX registers'
[    0.000000] x86/fpu: Enabled xstate features 0x7, context size is 1088 bytes, using 'standard' format.
[    0.000000] x86/fpu: Using 'lazy' FPU context switches.
[    0.000000] e820: BIOS-provided physical RAM map:
[    0.000000] BIOS-e820: [mem 0x0000000000000000-0x000000000009fbff] usable
[    0.000000] BIOS-e820: [mem 0x000000000009fc00-0x000000000009ffff] reserved
[    0.000000] BIOS-e820: [mem 0x00000000000f0000-0x00000000000fffff] reserved
[    0.000000] BIOS-e820: [mem 0x0000000000100000-0x000000003ffeffff] usable
[    0.000000] BIOS-e820: [mem 0x000000003fff0000-0x000000003fffffff] ACPI data
[    0.000000] BIOS-e820: [mem 0x00000000fec00000-0x00000000fec00fff] reserved
[    0.000000] BIOS-e820: [mem 0x00000000fee00000-0x00000000fee00fff] reserved
[    0.000000] BIOS-e820: [mem 0x00000000fffc0000-0x00000000ffffffff] reserved
[    0.000000] NX (Execute Disable) protection: active
[    0.000000] SMBIOS 2.5 present.
[    0.000000] Hypervisor detected: KVM
[    0.000000] e820: last_pfn = 0x3fff0 max_arch_pfn = 0x400000000
[    0.000000] MTRR: Disabled
[    0.000000] x86/PAT: MTRRs disabled, skipping PAT initialization too.
[    0.000000] CPU MTRRs all blank - virtualized system.
[    0.000000] x86/PAT: Configuration [0-7]: WB  WT  UC- UC  WB  WT  UC- UC  
[    0.000000] found SMP MP-table at [mem 0x0009fff0-0x0009ffff] mapped at [ffff88000009fff0]
[    0.000000] Scanning 1 areas for low memory corruption
[    0.000000] RAMDISK: [mem 0x36230000-0x3710ffff]
[    0.000000] ACPI: Early table checksum verification disabled
[    0.000000] ACPI: RSDP 0x00000000000E0000 000024 (v02 VBOX  )
[    0.000000] ACPI: XSDT 0x000000003FFF0030 00003C (v01 VBOX   VBOXXSDT 00000001 ASL  00000061)
[    0.000000] ACPI: FACP 0x000000003FFF00F0 0000F4 (v04 VBOX   VBOXFACP 00000001 ASL  00000061)
[    0.000000] ACPI: DSDT 0x000000003FFF0470 0021FF (v02 VBOX   VBOXBIOS 00000002 INTL 20100528)
[    0.000000] ACPI: FACS 0x000000003FFF0200 000040
[    0.000000] ACPI: FACS 0x000000003FFF0200 000040
[    0.000000] ACPI: APIC 0x000000003FFF0240 00005C (v02 VBOX   VBOXAPIC 00000001 ASL  00000061)
[    0.000000] ACPI: SSDT 0x000000003FFF02A0 0001CC (v01 VBOX   VBOXCPUT 00000002 INTL 20100528)
[    0.000000] No NUMA configuration found
[    0.000000] Faking a node at [mem 0x0000000000000000-0x000000003ffeffff]
[    0.000000] NODE_DATA(0) allocated [mem 0x3ffeb000-0x3ffeffff]
[    0.000000] kvm-clock: Using msrs 4b564d01 and 4b564d00
[    0.000000] kvm-clock: cpu 0, msr 0:3ffe3001, primary cpu clock
[    0.000000] kvm-clock: using sched offset of 7117715087 cycles
[    0.000000] clocksource: kvm-clock: mask: 0xffffffffffffffff max_cycles: 0x1cd42e4dffb, max_idle_ns: 881590591483 ns
[    0.000000] Zone ranges:
[    0.000000]   DMA      [mem 0x0000000000001000-0x0000000000ffffff]
[    0.000000]   DMA32    [mem 0x0000000001000000-0x000000003ffeffff]
[    0.000000]   Normal   empty
[    0.000000]   Device   empty
[    0.000000] Movable zone start for each node
[    0.000000] Early memory node ranges
[    0.000000]   node   0: [mem 0x0000000000001000-0x000000000009efff]
[    0.000000]   node   0: [mem 0x0000000000100000-0x000000003ffeffff]
[    0.000000] Initmem setup node 0 [mem 0x0000000000001000-0x000000003ffeffff]
[    0.000000] ACPI: PM-Timer IO Port: 0x4008
[    0.000000] IOAPIC[0]: apic_id 2, version 32, address 0xfec00000, GSI 0-23
[    0.000000] ACPI: INT_SRC_OVR (bus 0 bus_irq 0 global_irq 2 dfl dfl)
[    0.000000] ACPI: INT_SRC_OVR (bus 0 bus_irq 9 global_irq 9 high level)
[    0.000000] Using ACPI (MADT) for SMP configuration information
[    0.000000] smpboot: Allowing 2 CPUs, 0 hotplug CPUs
[    0.000000] PM: Registered nosave memory: [mem 0x00000000-0x00000fff]
[    0.000000] PM: Registered nosave memory: [mem 0x0009f000-0x0009ffff]
[    0.000000] PM: Registered nosave memory: [mem 0x000a0000-0x000effff]
[    0.000000] PM: Registered nosave memory: [mem 0x000f0000-0x000fffff]
[    0.000000] e820: [mem 0x40000000-0xfebfffff] available for PCI devices
[    0.000000] Booting paravirtualized kernel on KVM
[    0.000000] clocksource: refined-jiffies: mask: 0xffffffff max_cycles: 0xffffffff, max_idle_ns: 7645519600211568 ns
[    0.000000] setup_percpu: NR_CPUS:512 nr_cpumask_bits:512 nr_cpu_ids:2 nr_node_ids:1
[    0.000000] PERCPU: Embedded 33 pages/cpu @ffff88003fc00000 s98200 r8192 d28776 u1048576
[    0.000000] PV qspinlock hash table entries: 256 (order: 0, 4096 bytes)
[    0.000000] Built 1 zonelists in Node order, mobility grouping on.  Total pages: 257913
[    0.000000] Policy zone: DMA32
[    0.000000] Kernel command line: BOOT_IMAGE=/boot/vmlinuz-4.4.0-104-generic root=UUID=b5702e2b-9f3b-42ad-8248-878e16b622c8 ro console=tty1 console=ttyS0
[    0.000000] PID hash table entries: 4096 (order: 3, 32768 bytes)
[    0.000000] Memory: 997340K/1048120K available (8485K kernel code, 1295K rwdata, 3988K rodata, 1492K init, 1316K bss, 50780K reserved, 0K cma-reserved)
[    0.000000] SLUB: HWalign=64, Order=0-3, MinObjects=0, CPUs=2, Nodes=1
[    0.000000] Hierarchical RCU implementation.
[    0.000000] 	Build-time adjustment of leaf fanout to 64.
[    0.000000] 	RCU restricting CPUs from NR_CPUS=512 to nr_cpu_ids=2.
[    0.000000] RCU: Adjusting geometry for rcu_fanout_leaf=64, nr_cpu_ids=2
[    0.000000] NR_IRQS:33024 nr_irqs:440 16
[    0.000000] Console: colour VGA+ 80x25
[    0.000000] console [tty1] enabled
[    0.000000] console [ttyS0] enabled
[    0.000000] tsc: Detected 2591.998 MHz processor
[    9.745138] Calibrating delay loop (skipped) preset value.. 5183.99 BogoMIPS (lpj=10367992)
[    9.852652] pid_max: default: 32768 minimum: 301
[    9.917670] ACPI: Core revision 20150930
[    9.985791] ACPI: 2 ACPI AML tables successfully acquired and loaded
[   10.026299] Security Framework initialized
[   10.051987] Yama: becoming mindful.
[   10.083849] AppArmor: AppArmor initialized
[   10.176841] Dentry cache hash table entries: 131072 (order: 8, 1048576 bytes)
[   10.282081] Inode-cache hash table entries: 65536 (order: 7, 524288 bytes)
[   10.319003] Mount-cache hash table entries: 2048 (order: 2, 16384 bytes)
[   10.372621] Mountpoint-cache hash table entries: 2048 (order: 2, 16384 bytes)
[   10.447752] Initializing cgroup subsys io
[   10.504624] Initializing cgroup subsys memory
[   10.537303] Initializing cgroup subsys devices
[   10.546970] Initializing cgroup subsys freezer
[   10.575545] Initializing cgroup subsys net_cls
[   10.622514] Initializing cgroup subsys perf_event
[   10.654955] Initializing cgroup subsys net_prio
[   10.677027] Initializing cgroup subsys hugetlb
[   10.702240] Initializing cgroup subsys pids
[   10.720891] CPU: Physical Processor ID: 0
[   10.738622] CPU: Processor Core ID: 0
[   10.768596] mce: CPU supports 0 MCE banks
[   10.821562] Last level iTLB entries: 4KB 64, 2MB 8, 4MB 8
[   10.923368] Last level dTLB entries: 4KB 64, 2MB 0, 4MB 0, 1GB 4
[   10.950216] Freeing SMP alternatives memory: 32K
[   11.076597] ftrace: allocating 32158 entries in 126 pages
[   11.318443] smpboot: APIC(0) Converting physical 0 to logical package 0
[   11.478944] smpboot: Max logical packages: 1
[   11.565916] x2apic enabled
[   11.587759] Switched APIC routing to physical x2apic.
[   11.622270] ..TIMER: vector=0x30 apic1=0 pin1=2 apic2=-1 pin2=-1
[   11.815546] smpboot: CPU0: Intel(R) Core(TM) i7-6500U CPU @ 2.50GHz (family: 0x6, model: 0x4e, stepping: 0x3)
[   12.007957] Performance Events: unsupported p6 CPU model 78 no PMU driver, software events only.
[   12.139745] KVM setup paravirtual spinlock
[   12.184053] x86: Booting SMP configuration:
[   12.213914] .... node  #0, CPUs:      #1
[   12.285939] kvm-clock: cpu 1, msr 0:3ffe3041, secondary cpu clock
[   12.359833] mce: CPU supports 0 MCE banks
[   12.390861] x86: Booted up 1 node, 2 CPUs
[   12.464779] smpboot: Total of 2 processors activated (10367.99 BogoMIPS)
[   12.532236] devtmpfs: initialized
[   12.592818] evm: security.selinux
[   12.613033] evm: security.SMACK64
[   12.682972] evm: security.SMACK64EXEC
[   12.781529] evm: security.SMACK64TRANSMUTE
[   12.844528] evm: security.SMACK64MMAP
[   12.908462] evm: security.ima
[   12.932201] evm: security.capability
[   13.017643] clocksource: jiffies: mask: 0xffffffff max_cycles: 0xffffffff, max_idle_ns: 7645041785100000 ns
[   13.159308] futex hash table entries: 512 (order: 3, 32768 bytes)
[   13.278650] pinctrl core: initialized pinctrl subsystem
[   13.355667] RTC time:  3:25:30, date: 02/14/18
[   13.440925] NET: Registered protocol family 16
[   13.537243] cpuidle: using governor ladder
[   13.673215] cpuidle: using governor menu
[   13.766331] PCCT header not found.
[   13.846008] ACPI: bus type PCI registered
[   13.936358] acpiphp: ACPI Hot Plug PCI Controller Driver version: 0.5
[   13.986038] PCI: Using configuration type 1 for base access
[   14.046369] ACPI: Added _OSI(Module Device)
[   14.088811] ACPI: Added _OSI(Processor Device)
[   14.163419] ACPI: Added _OSI(3.0 _SCP Extensions)
[   14.240454] ACPI: Added _OSI(Processor Aggregator Device)
[   14.290349] ACPI: Executed 1 blocks of module-level executable AML code
[   14.364311] ACPI: Interpreter enabled
[   14.425915] ACPI: (supports S0 S5)
[   14.489454] ACPI: Using IOAPIC for interrupt routing
[   14.511916] PCI: Using host bridge windows from ACPI; if necessary, use "pci=nocrs" and report a bug
[   14.535629] ACPI: PCI Root Bridge [PCI0] (domain 0000 [bus 00-ff])
[   14.624876] acpi PNP0A03:00: _OSC: OS supports [ASPM ClockPM Segments MSI]
[   14.700625] acpi PNP0A03:00: _OSC: not requesting OS control; OS requires [ExtendedConfig ASPM ClockPM MSI]
[   14.790898] acpi PNP0A03:00: fail to add MMCONFIG information, can't access extended PCI configuration space under this bridge.
[   14.851535] PCI host bridge to bus 0000:00
[   14.858699] pci_bus 0000:00: root bus resource [io  0x0000-0x0cf7 window]
[   14.862989] pci_bus 0000:00: root bus resource [io  0x0d00-0xffff window]
[   14.879989] pci_bus 0000:00: root bus resource [mem 0x000a0000-0x000bffff window]
[   14.925477] pci_bus 0000:00: root bus resource [mem 0x40000000-0xffdfffff window]
[   14.972196] pci_bus 0000:00: root bus resource [bus 00-ff]
[   15.000016] pci 0000:00:01.1: legacy IDE quirk: reg 0x10: [io  0x01f0-0x01f7]
[   15.042386] pci 0000:00:01.1: legacy IDE quirk: reg 0x14: [io  0x03f6]
[   15.058265] pci 0000:00:01.1: legacy IDE quirk: reg 0x18: [io  0x0170-0x0177]
[   15.101052] pci 0000:00:01.1: legacy IDE quirk: reg 0x1c: [io  0x0376]
[   15.162568] pci 0000:00:07.0: quirk: [io  0x4000-0x403f] claimed by PIIX4 ACPI
[   15.234301] pci 0000:00:07.0: quirk: [io  0x4100-0x410f] claimed by PIIX4 SMB
[   15.270645] ACPI: PCI Interrupt Link [LNKA] (IRQs 5 9 10 *11)
[   15.324358] ACPI: PCI Interrupt Link [LNKB] (IRQs 5 9 10 *11)
[   15.399196] ACPI: PCI Interrupt Link [LNKC] (IRQs 5 9 *10 11)
[   15.432690] ACPI: PCI Interrupt Link [LNKD] (IRQs 5 *9 10 11)
[   15.507142] ACPI: Enabled 2 GPEs in block 00 to 07
[   15.570159] vgaarb: setting as boot device: PCI:0000:00:02.0
[   15.628804] vgaarb: device added: PCI:0000:00:02.0,decodes=io+mem,owns=io+mem,locks=none
[   15.798274] vgaarb: loaded
[   15.844010] vgaarb: bridge control possible 0000:00:02.0
[   15.924221] SCSI subsystem initialized
[   15.956588] ACPI: bus type USB registered
[   16.006163] usbcore: registered new interface driver usbfs
[   16.117254] usbcore: registered new interface driver hub
[   16.203045] usbcore: registered new device driver usb
[   16.281300] PCI: Using ACPI for IRQ routing
[   16.346077] NetLabel: Initializing
[   16.404319] NetLabel:  domain hash size = 128
[   16.471272] NetLabel:  protocols = UNLABELED CIPSOv4
[   16.551468] NetLabel:  unlabeled traffic allowed by default
[   16.653981] amd_nb: Cannot enumerate AMD northbridges
[   16.708726] clocksource: Switched to clocksource kvm-clock
[   16.847303] AppArmor: AppArmor Filesystem Enabled
[   16.971577] pnp: PnP ACPI init
[   17.040910] pnp: PnP ACPI: found 3 devices
[   17.140657] clocksource: acpi_pm: mask: 0xffffff max_cycles: 0xffffff, max_idle_ns: 2085701024 ns
[   17.407575] NET: Registered protocol family 2
[   17.465143] TCP established hash table entries: 8192 (order: 4, 65536 bytes)
[   17.705812] TCP bind hash table entries: 8192 (order: 5, 131072 bytes)
[   17.844789] TCP: Hash tables configured (established 8192 bind 8192)
[   18.017744] UDP hash table entries: 512 (order: 2, 16384 bytes)
[   18.172202] UDP-Lite hash table entries: 512 (order: 2, 16384 bytes)
[   18.366681] NET: Registered protocol family 1
[   18.434016] pci 0000:00:00.0: Limiting direct PCI/PCI transfers
[   18.566065] pci 0000:00:01.0: Activating ISA DMA hang workarounds
[   18.695090] Unpacking initramfs...
[   19.407145] Freeing initrd memory: 15232K
[   19.478218] platform rtc_cmos: registered platform RTC device (no PNP device found)
[   19.597261] Scanning for low memory corruption every 60 seconds
[   19.657869] audit: initializing netlink subsys (disabled)
[   19.708592] audit: type=2000 audit(1518578729.302:1): initialized
[   19.803652] Initialise system trusted keyring
[   19.826315] HugeTLB registered 2 MB page size, pre-allocated 0 pages
[   19.854938] zbud: loaded
[   19.875854] VFS: Disk quotas dquot_6.6.0
[   19.896541] VFS: Dquot-cache hash table entries: 512 (order 0, 4096 bytes)
[   19.951429] squashfs: version 4.0 (2009/01/31) Phillip Lougher
[   19.966632] fuse init (API version 7.23)
[   19.970088] Key type big_key registered
[   19.974026] Allocating IMA MOK and blacklist keyrings.
[   20.043413] Key type asymmetric registered
[   20.074920] Asymmetric key parser 'x509' registered
[   20.142592] Block layer SCSI generic (bsg) driver version 0.4 loaded (major 249)
[   20.173643] io scheduler noop registered
[   20.201965] io scheduler deadline registered (default)
[   20.246445] io scheduler cfq registered
[   20.290946] pci_hotplug: PCI Hot Plug PCI Core version: 0.5
[   20.305565] pciehp: PCI Express Hot Plug Controller Driver version: 0.4
[   20.433093] ACPI: AC Adapter [AC] (off-line)
[   20.448213] input: Power Button as /devices/LNXSYSTM:00/LNXPWRBN:00/input/input0
[   20.470249] ACPI: Power Button [PWRF]
[   20.489738] tsc: Refined TSC clocksource calibration: 2591.185 MHz
[   20.556784] clocksource: tsc: mask: 0xffffffffffffffff max_cycles: 0x2559b52a42f, max_idle_ns: 440795335817 ns
[   20.556976] input: Sleep Button as /devices/LNXSYSTM:00/LNXSLPBN:00/input/input1
[   20.556988] ACPI: Sleep Button [SLPF]
[   20.677639] GHES: HEST is not enabled!
[   20.810714] ACPI: Battery Slot [BAT0] (battery present)
[   20.810785] Serial: 8250/16550 driver, 32 ports, IRQ sharing enabled
[   20.884962] 00:02: ttyS0 at I/O 0x3f8 (irq = 4, base_baud = 115200) is a 16550A
[   20.934507] Linux agpgart interface v0.103
[   20.962228] loop: module loaded
[   20.963846] scsi host0: ata_piix
[   20.963975] scsi host1: ata_piix
[   20.964053] ata1: PATA max UDMA/33 cmd 0x1f0 ctl 0x3f6 bmdma 0xd000 irq 14
[   20.964055] ata2: PATA max UDMA/33 cmd 0x170 ctl 0x376 bmdma 0xd008 irq 15
[   20.964319] libphy: Fixed MDIO Bus: probed
[   20.964326] tun: Universal TUN/TAP device driver, 1.6
[   20.964327] tun: (C) 1999-2004 Max Krasnyansky <maxk@qualcomm.com>
[   20.965153] PPP generic driver version 2.4.2
[   20.965295] ehci_hcd: USB 2.0 'Enhanced' Host Controller (EHCI) Driver
[   20.965305] ehci-pci: EHCI PCI platform driver
[   20.965338] ehci-platform: EHCI generic platform driver
[   20.965357] ohci_hcd: USB 1.1 'Open' Host Controller (OHCI) Driver
[   20.965364] ohci-pci: OHCI PCI platform driver
[   20.965384] ohci-platform: OHCI generic platform driver
[   20.965400] uhci_hcd: USB Universal Host Controller Interface driver
[   20.965524] i8042: PNP: PS/2 Controller [PNP0303:PS2K,PNP0f03:PS2M] at 0x60,0x64 irq 1,12
[   20.966455] serio: i8042 KBD port at 0x60,0x64 irq 1
[   20.966464] serio: i8042 AUX port at 0x60,0x64 irq 12
[   20.966789] mousedev: PS/2 mouse device common for all mice
[   20.967383] input: AT Translated Set 2 keyboard as /devices/platform/i8042/serio0/input/input2
[   20.968202] rtc_cmos rtc_cmos: rtc core: registered rtc_cmos as rtc0
[   20.968333] rtc_cmos rtc_cmos: alarms up to one day, 114 bytes nvram
[   20.968350] i2c /dev entries driver
[   20.968466] device-mapper: uevent: version 1.0.3
[   20.968592] device-mapper: ioctl: 4.34.0-ioctl (2015-10-28) initialised: dm-devel@redhat.com
[   20.968651] ledtrig-cpu: registered to indicate activity on CPUs
[   20.969314] NET: Registered protocol family 10
[   20.969611] NET: Registered protocol family 17
[   20.970089] Key type dns_resolver registered
[   20.970550] microcode: CPU0 sig=0x406e3, pf=0x2, revision=0x0
[   21.003740] microcode: CPU1 sig=0x406e3, pf=0x2, revision=0x0
[   21.003872] microcode: Microcode Update Driver: v2.01 <tigran@aivazian.fsnet.co.uk>, Peter Oruba
[   21.004149] registered taskstats version 1
[   21.004186] Loading compiled-in X.509 certificates
[   21.005845] Loaded X.509 cert 'Build time autogenerated kernel key: 8537ad706776f532219d7336343c968b9f82f7c7'
[   21.005887] zswap: loaded using pool lzo/zbud
[   21.010774] Key type trusted registered
[   21.019562] Key type encrypted registered
[   21.019576] AppArmor: AppArmor sha1 policy hashing enabled
[   21.019584] ima: No TPM chip found, activating TPM-bypass!
[   21.019627] evm: HMAC attrs: 0x1
[   21.020392]   Magic number: 6:715:411
[   21.033824] rtc_cmos rtc_cmos: setting system clock to 2018-02-14 03:25:38 UTC (1518578738)
[   21.034230] BIOS EDD facility v0.16 2004-Jun-25, 0 devices found
[   21.034232] EDD information not available.
[   23.619505] Freeing unused kernel memory: 1492K
[   23.686128] Write protecting the kernel read-only data: 14336k
[   23.737251] Freeing unused kernel memory: 1744K
[   23.781941] Freeing unused kernel memory: 108K
Loading, please wait...
starting version 229
[   23.867826] random: udevadm: uninitialized urandom read (16 bytes read, 7 bits of entropy available)
[   23.868829] random: systemd-udevd: uninitialized urandom read (16 bytes read, 7 bits of entropy available)
[   23.868988] random: systemd-udevd: uninitialized urandom read (16 bytes read, 7 bits of entropy available)
[   23.869018] random: systemd-udevd: uninitialized urandom read (16 bytes read, 7 bits of entropy available)
[   23.869052] random: systemd-udevd: uninitialized urandom read (16 bytes read, 7 bits of entropy available)
[   24.236407] random: udevadm: uninitialized urandom read (16 bytes read, 7 bits of entropy available)
[   24.354233] random: systemd-udevd: uninitialized urandom read (16 bytes read, 7 bits of entropy available)
[   24.417767] random: systemd-udevd: uninitialized urandom read (16 bytes read, 7 bits of entropy available)
[   24.425762] random: udevadm: uninitialized urandom read (16 bytes read, 7 bits of entropy available)
[   24.425867] random: udevadm: uninitialized urandom read (16 bytes read, 7 bits of entropy available)
[   24.787276] e1000: Intel(R) PRO/1000 Network Driver - version 7.3.21-k8-NAPI
[   24.870462] e1000: Copyright (c) 1999-2006 Intel Corporation.
[   24.910375] Fusion MPT base driver 3.04.20
[   24.967720] Copyright (c) 1999-2008 LSI Corporation
[   25.031793] Fusion MPT SPI Host driver 3.04.20
[   25.112786] AVX version of gcm_enc/dec engaged.
[   25.173549] AES CTR mode by8 optimization enabled
[   25.342206] input: ImExPS/2 Generic Explorer Mouse as /devices/platform/i8042/serio1/input/input4
[   25.695607] e1000 0000:00:03.0 eth0: (PCI:33MHz:32-bit) 02:51:17:41:23:cb
[   26.098264] e1000 0000:00:03.0 eth0: Intel(R) PRO/1000 Network Connection
[   27.186671] e1000 0000:00:08.0 eth1: (PCI:33MHz:32-bit) 08:00:27:19:6f:6f
[   27.261938] e1000 0000:00:08.0 eth1: Intel(R) PRO/1000 Network Connection
[   27.292739] mptbase: ioc0: Initiating bringup
[   27.293816] e1000 0000:00:03.0 enp0s3: renamed from eth0
[   27.333915] e1000 0000:00:08.0 enp0s8: renamed from eth1
[   27.433802] ioc0: LSI53C1030 A0: Capabilities={Initiator}
[   27.700461] scsi host2: ioc0: LSI53C1030 A0, FwRev=00000000h, Ports=1, MaxQ=256, IRQ=20
[   27.834651] scsi 2:0:0:0: Direct-Access     VBOX     HARDDISK         1.0  PQ: 0 ANSI: 5
[   27.918031] floppy0: no floppy controllers found
[   27.918069] scsi target2:0:0: Beginning Domain Validation
[   27.919769] scsi target2:0:0: Domain Validation skipping write tests
[   27.919771] scsi target2:0:0: Ending Domain Validation
[   27.919854] scsi target2:0:0: asynchronous
[   27.998150] scsi 2:0:1:0: Direct-Access     VBOX     HARDDISK         1.0  PQ: 0 ANSI: 5
[   27.998163] scsi target2:0:1: Beginning Domain Validation
[   28.000411] scsi target2:0:1: Domain Validation skipping write tests
[   28.000413] scsi target2:0:1: Ending Domain Validation
[   28.000499] scsi target2:0:1: asynchronous
[   28.016635] sd 2:0:0:0: [sda] 20971520 512-byte logical blocks: (10.7 GB/10.0 GiB)
[   28.016992] sd 2:0:0:0: [sda] Write Protect is off
[   28.017192] sd 2:0:0:0: [sda] Incomplete mode parameter data
[   28.017195] sd 2:0:0:0: [sda] Assuming drive cache: write through
[   28.036876] sd 2:0:0:0: Attached scsi generic sg0 type 0
[   28.037631] sd 2:0:1:0: [sdb] 20480 512-byte logical blocks: (10.5 MB/10.0 MiB)
[   28.037921] sd 2:0:1:0: Attached scsi generic sg1 type 0
[   28.038579] sd 2:0:1:0: [sdb] Write Protect is off
[   28.039635] sd 2:0:1:0: [sdb] Incomplete mode parameter data
[   28.039687] sd 2:0:1:0: [sdb] Assuming drive cache: write through
[   28.352355]  sda: sda1
[   28.354009] sd 2:0:0:0: [sda] Attached SCSI disk
[   28.645091] sd 2:0:1:0: [sdb] Attached SCSI disk
Begin: Loading e[   31.721576] md: linear personality registered for level -1
ssential drivers ... [   31.825020] md: multipath personality registered for level -4
[   31.888038] md: raid0 personality registered for level 0
[   31.963208] md: raid1 personality registered for level 1
[   32.165083] raid6: sse2x1   gen()  2373 MB/s
[   32.296951] raid6: sse2x1   xor()  2174 MB/s
[   32.436986] raid6: sse2x2   gen()  2563 MB/s
[   32.545185] raid6: sse2x2   xor()  2947 MB/s
[   32.645164] raid6: sse2x4   gen()  4771 MB/s
[   32.780825] raid6: sse2x4   xor()  2559 MB/s
[   32.902509] raid6: using algorithm sse2x4 gen() 4771 MB/s
[   32.976284] raid6: .... xor() 2559 MB/s, rmw enabled
[   33.020934] raid6: using ssse3x2 recovery algorithm
[   33.064282] xor: automatically using best checksumming function:
[   33.133097]    avx       :  8060.000 MB/sec
[   33.213920] async_tx: api initialized (async)
[   33.235795] md: raid6 personality registered for level 6
[   33.315477] md: raid5 personality registered for level 5
[   33.375517] md: raid4 personality registered for level 4
[   33.527146] md: raid10 personality registered for level 10
done.
Begin: Running /scripts/init-premount ... done.
Begin: Mounting[   33.710255] Btrfs loaded
 root file system ... Begin: Running /scripts/local-top ... done.
Begin: Running /scripts/local-premount ... Scanning for Btrfs filesystems
[   34.493194] random: nonblocking pool is initialized
done.
Warning: fsck not present, so skipping root file system
[   34.802430] EXT4-fs (sda1): mounted filesystem with ordered data mode. Opts: (null)
done.
Begin: Running /scripts/local-bottom ... done.
Begin: Running /scripts/init-bottom ... done.
[   43.778216] systemd[1]: systemd 229 running in system mode. (+PAM +AUDIT +SELINUX +IMA +APPARMOR +SMACK +SYSVINIT +UTMP +LIBCRYPTSETUP +GCRYPT +GNUTLS +ACL +XZ -LZ4 +SECCOMP +BLKID +ELFUTILS +KMOD -IDN)
[   43.953764] systemd[1]: Detected virtualization oracle.
[   44.021677] systemd[1]: Detected architecture x86-64.

Welcome to [1mUbuntu 16.04.3 LTS[0m!

[   44.356411] systemd[1]: Set hostname to <ubuntu-xenial>.
[   46.170443] systemd[1]: Started Trigger resolvconf update for networkd DNS.
[[0;32m  OK  [0m] Started Trigger resolvconf update for networkd DNS.
[   46.270119] systemd[1]: Listening on udev Control Socket.
[[0;32m  OK  [0m] Listening on udev Control Socket.
[   46.433910] systemd[1]: Reached target Swap.
[[0;32m  OK  [0m] Reached target Swap.
[   46.563426] systemd[1]: Created slice System Slice.
[[0;32m  OK  [0m] Created slice System Slice.
[   46.626868] systemd[1]: Listening on Journal Socket.
[[0;32m  OK  [0m] Listening on Journal Socket.
[   46.745759] systemd[1]: Listening on udev Kernel Socket.
[[0;32m  OK  [0m] Listening on udev Kernel Socket.
[   46.885180] systemd[1]: Listening on Device-mapper event daemon FIFOs.
[[0;32m  OK  [0m] Listening on Device-mapper event daemon FIFOs.
[   47.049525] systemd[1]: Created slice system-serial\x2dgetty.slice.
[[0;32m  OK  [0m] Created slice system-serial\x2dgetty.slice.
[   47.231197] systemd[1]: Reached target Encrypted Volumes.
[[0;32m  OK  [0m] Reached target Encrypted Volumes.
[   47.377252] systemd[1]: Starting Uncomplicated firewall...
         Starting Uncomplicated firewall...
[   47.578232] systemd[1]: Starting Load Kernel Modules...
         Starting Load Kernel Modules...
[   47.682109] systemd[1]: Listening on LVM2 metadata daemon socket.
[[0;32m  OK  [[   47.715579] Loading iSCSI transport class v2.0-870.
0m] Listening on LVM2 metadata daemon socket.
[   47.900096] iscsi: registered transport (tcp)
[   48.034518] systemd[1]: Starting Monitoring of LVM2 mirrors, snapshots etc. using dmeventd or progress polling...
         Starting Monitoring of LVM2 mirrors... dmeventd or progress polling...
[   48.273790] systemd[1]: Starting Set console keymap...
         Starting Set console keymap...
[   48.462069] systemd[1]: Mounting Debug File System...
         Mounting Debug File System...
[   48.666109] systemd[1]: Starting Create list of required static device nodes for the current kernel...
         Starting Create list of required st... nodes for[   48.905535] iscsi: registered transport (iser)
 the current kernel...
[   49.113349] systemd[1]: Mounting POSIX Message Queue File System...
         Mounting POSIX Message Queue File System...
[   49.341623] systemd[1]: Starting Remount Root and Kernel File Systems...
         [   49.486730] EXT4-fs (sda1): re-mounted. Opts: (null)
Starting Remount Root and Kernel File Systems...
[   49.638220] systemd[1]: Mounting Huge Pages File System...
         Mounting Huge Pages File System...
[   49.802282] systemd[1]: Listening on LVM2 poll daemon socket.
[[0;32m  OK  [0m] Listening on LVM2 poll daemon socket.
[   50.045542] systemd[1]: Starting Nameserver information manager...
         Starting Nameserver information manager...
[   50.234589] systemd[1]: Started Forward Password Requests to Wall Directory Watch.
[[0;32m  OK  [0m] Started Forward Password Requests to Wall Directory Watch.
[   50.606857] systemd[1]: Set up automount Arbitrary Executable File Formats File System Automount Point.
[[0;32m  OK  [0m] Set up automount Arbitrary Executab...ats File System Automount Point.
[   51.018125] systemd[1]: Listening on /dev/initctl Compatibility Named Pipe.
[[0;32m  OK  [0m] Listening on /dev/initctl Compatibility Named Pipe.
[   51.221382] systemd[1]: Listening on Syslog Socket.
[[0;32m  OK  [0m] Listening on Syslog Socket.
[   51.475280] systemd[1]: Listening on Journal Audit Socket.
[[0;32m  OK  [0m] Listening on Journal Audit Socket.
[   51.694224] systemd[1]: Reached target User and Group Name Lookups.
[[0;32m  OK  [0m] Reached target User and Group Name Lookups.
[   52.010569] systemd[1]: Listening on Journal Socket (/dev/log).
[[0;32m  OK  [0m] Listening on Journal Socket (/dev/log).
[   52.297598] systemd[1]: Starting Journal Service...
         Starting Journal Service...
[   52.511615] systemd[1]: Created slice User and Session Slice.
[[0;32m  OK  [0m] Created slice User and Session Slice.
[   52.701869] systemd[1]: Reached target Slices.
[[0;32m  OK  [0m] Reached target Slices.
[   52.867310] systemd[1]: Mounted POSIX Message Queue File System.
[[0;32m  OK  [0m] Mounted POSIX Message Queue File System.
[   53.078049] systemd[1]: Mounted Huge Pages File System.
[[0;32m  OK  [0m] Mounted Huge Pages File System.
[   53.302223] systemd[1]: Mounted Debug File System.
[[0;32m  OK  [0m] Mounted Debug File System.
[   53.454262] systemd[1]: Started Journal Service.
[[0;32m  OK  [0m] Started Journal Service.
[[0;32m  OK  [0m] Started Uncomplicated firewall.
[[0;32m  OK  [0m] Started Load Kernel Modules.
[[0;32m  OK  [0m] Started Set console keymap.
[[0;32m  OK  [0m] Started Create list of required sta...ce nodes for the current kernel.
[[0;32m  OK  [0m] Started Remount Root and Kernel File Systems.
[[0;32m  OK  [0m] Started Nameserver information manager.
[[0;32m  OK  [0m] Started LVM2 metadata daemon.
         Starting Initial cloud-init job (pre-networking)...
         Starting Load/Save Random Seed...
         Starting udev Coldplug all Devices...
         Starting Create Static Device Nodes in /dev...
         Mounting FUSE Control File System...
         Starting Apply Kernel Variables...
         Starting Flush Journal to Persistent Storage...
[[0;32m  OK  [0m] Mounted FUSE Control File System.
[[0;32m  OK  [0m] Started Monitoring of LVM2 mirrors,...ng dmeventd or progress polling.
[[0;32m  OK  [0m] Started Load/Save Random Seed.
[[0;32m  OK  [0m] Started Create Static Device Nodes in /dev.
[[0;32m  OK  [0m] Started Apply Kernel Variables.
[[0;32m  OK  [0m] Started udev Coldplug all Devices.
         Starting udev Kernel Device Manager...
[[0;32m  OK  [0m] Started Flush Journal to Persistent Storage.
[[0;32m  OK  [0m] Started udev Kernel Device Manager.
[[0;32m  OK  [0m] Started Dispatch Password Requests to Console Directory Watch.
[[0;32m  OK  [0m] Reached target Local File Systems (Pre).
[[0;32m  OK  [0m] Reached target Local File Systems.
         Starting LSB: AppArmor initialization...
         Starting Set console font and keymap...
         Starting Create Volatile Files and Directories...
         Starting Tell Plymouth To Write Out Runtime Data...
[[0;32m  OK  [0m] Started Tell Plymouth To Write Out Runtime Data.
[[0;32m  OK  [0m] Started Create Volatile Files and Directories.
[[0;32m  OK  [0m] Found device /dev/ttyS0.
         Starting Update UTMP about System Boot/Shutdown...
[[0;32m  OK  [0m] Reached target System Time Synchronized.
[[0;32m  OK  [0m] Found device 82540EM Gigabit Ethern...r (PRO/1000 MT Desktop Adapter).
[[0;32m  OK  [0m] Started Update UTMP about System Boot/Shutdown.
[[0;32m  OK  [0m] Found device 82540EM Gigabit Ethern...r (PRO/1000 MT Desktop Adapter).
[[0;32m  OK  [0m] Started LSB: AppArmor initialization.
[[0;32m  OK  [0m] Started Set console font and keymap.
[[0;32m  OK  [0m] Created slice system-getty.slice.
[[0;32m  OK  [0m] Listening on Load/Save RF Kill Switch Status /dev/rfkill Watch.
[   46.479447] cloud-init[444]: Cloud-init v. 0.7.9 running 'init-local' at Wed, 14 Feb 2018 03:26:18 +0000. Up 45.25 seconds.
[[0;32m  OK  [0m] Started Initial cloud-init job (pre-networking).
[[0;32m  OK  [0m] Reached target Network (Pre).
         Starting Raise network interfaces...
[[0;32m  OK  [0m] Started ifup for enp0s8.
[[0;32m  OK  [0m] Started ifup for enp0s3.
[[0;32m  OK  [0m] Started Raise network interfaces.
[[0;32m  OK  [0m] Reached target Network.
         Starting Initial cloud-init job (metadata service crawler)...
[   49.550481] cloud-init[1066]: Cloud-init v. 0.7.9 running 'init' at Wed, 14 Feb 2018 03:26:21 +0000. Up 48.20 seconds.
[   49.668566] cloud-init[1066]: ci-info: ++++++++++++++++++++++++++++++++++++++Net device info++++++++++++++++++++++++++++++++++++++
[[0;32m  OK  [0m] Started Initial cloud-init job (metadata service crawler).
[   49.840369] cloud-init[1066]: ci-info: +--------+------+-----------------------------+---------------+-------+-------------------+
[   50.089263] [cloud-init[0;32m  OK  [0m[1066]: ] ci-info: | Device |  Up  |           Address           |      Mask     | Scope |     Hw-Address    |Reached target Cloud-config availability.

[   50.091316] [cloud-init[0;32m  OK  [0m[1066]: ] ci-info: +--------+------+-----------------------------+---------------+-------+-------------------+Reached target Network is Online.

[   50.327492] cloud-init[1066]: ci-info: |   lo   | True |          127.0.0.1          |   255.0.0.0   |   .   |         .         |
[   50.617388]          cloud-initStarting iSCSI initiator daemon (iscsid)...[1066]: 
ci-info: |   lo   | True |           ::1/128           |       .       |  host |         .         |
[   50.840999] [cloud-init[0;32m  OK  [0m[1066]: ] ci-info: | enp0s8 | True |        192.168.33.10        | 255.255.255.0 |   .   | 08:00:27:19:6f:6f |Reached target System Initialization.

[   50.841918] [cloud-init[0;32m  OK  [0m[1066]: ] ci-info: | enp0s8 | True | fe80::a00:27ff:fe19:6f6f/64 |       .       |  link | 08:00:27:19:6f:6f |Listening on UUID daemon activation socket.

[   51.253338] [cloud-init[0;32m  OK  [0m[1066]: ] ci-info: | enp0s3 | True |          10.0.2.15          | 255.255.255.0 |   .   | 02:51:17:41:23:cb |Started Timer to automatically refresh installed snaps.

[   51.254456] [cloud-init[0;32m  OK  [0m[1066]: ] ci-info: | enp0s3 | True |  fe80::51:17ff:fe41:23cb/64 |       .       |  link | 02:51:17:41:23:cb |Started Daily apt download activities.

[[0;32m  OK  [0m] Listening on ACPID Listen Socket.
[[0;32m  OK  [0m] Started Daily Cleanup of Temporary Directories.
[   51.694475] cloud-init[1066]: ci-info: +--------+------+-----------------------------+---------------+-------+-------------------+
[   51.997191] [cloud-init[0;32m  OK  [0m[1066]: ] ci-info: ++++++++++++++++++++++++++++Route IPv4 info++++++++++++++++++++++++++++Started ACPI Events Check.

[   51.998476] [cloud-init[0;32m  OK  [0m[1066]: ] ci-info: +-------+--------------+----------+---------------+-----------+-------+Reached target Paths.

[   52.169958] [cloud-init[0;32m  OK  [0m[1066]: ] ci-info: | Route | Destination  | Gateway  |    Genmask    | Interface | Flags |Started Timer to automatically fetch and run repair assertions.

[   52.561344]          cloud-initStarting LXD - unix socket.[1066]: 
ci-info: +-------+--------------+----------+---------------+-----------+-------+
[   52.725597] [cloud-init[0;32m  OK  [0m[1066]: ] ci-info: |   0   |   0.0.0.0    | 10.0.2.2 |    0.0.0.0    |   enp0s3  |   UG  |Started Daily apt upgrade and clean activities.

[[0;32m  OK  [0m] Reached target Timers.
         Starting Socket activation for snappy daemon.
[[0;32m  OK  [0m] Listening on D-Bus System Message Bus Socket.
[   52.727279] cloud-init[1066]: ci-info: |   1   |   10.0.2.0   | 0.0.0.0  | 255.255.255.0 |   enp0s3  |   U   |
[   53.132552] [cloud-init[0;32m  OK  [0m[1066]: ] ci-info: |   2   | 192.168.33.0 | 0.0.0.0  | 255.255.255.0 |   enp0s8  |   U   |Listening on LXD - unix socket.

[   53.133589] [cloud-init[0;32m  OK  [0m[1066]: ] ci-info: +-------+--------------+----------+---------------+-----------+-------+Listening on Socket activation for snappy daemon.

[[0;32m  OK  [0m] Started iSCSI initiator daemon (iscsid).
         Starting Login to default iSCSI targets...
[[0;32m  OK  [0m] Reached target Sockets.
[[0;32m  OK  [0m] Reached target Basic System.
         Starting /etc/rc.local Compatibility...
         Starting Login Service...
         Starting LSB: Record successful boot for GRUB...
         Starting Automatically fetch and run repair assertions...
[[0;32m  OK  [0m] Started Regular background program processing daemon.
[[0;32m  OK  [0m] Started FUSE filesystem for LXC.
         Starting System Logging Service...
[[0;32m  OK  [0m] Started Unattended Upgrades Shutdown.
         Starting A high performance web server and a reverse proxy server...
         Starting Apply the settings specified in cloud-config...
         Starting LSB: MD monitoring daemon...
[[0;32m  OK  [0m] Started Deferred execution scheduler.
         Starting MySQL Community Server...
[[0;32m  OK  [0m] Started D-Bus System Message Bus.
[[0;32m  OK  [0m] Started ACPI event daemon.
[   55.652715] cloud-init[1158]: Cloud-init v. 0.7.9 running 'modules:config' at Wed, 14 Feb 2018 03:26:28 +0000. Up 55.17 seconds.
         Starting Snappy daemon...
         Starting Accounts Service...
         Starting LXD - container startup/shutdown...
         Starting OpenBSD Secure Shell server...
[[0;32m  OK  [0m] Started System Logging Service.
[[0;32m  OK  [0m] Started /etc/rc.local Compatibility.
[[0;32m  OK  [0m] Started Automatically fetch and run repair assertions.
[[0;32m  OK  [0m] Started Apply the settings specified in cloud-config.
[[0;32m  OK  [0m] Started A high performance web server and a reverse proxy server.
[[0;32m  OK  [0m] Started Login Service.
[[0;32m  OK  [0m] Started Login to default iSCSI targets.
[[0;32m  OK  [0m] Reached target Remote File Systems (Pre).
[[0;32m  OK  [0m] Reached target Remote File Systems.
         Starting LSB: automatic crash report generation...
         Starting LSB: daemon to balance interrupts for SMP systems...
         Starting LSB: Set the CPU Frequency Scaling governor to "ondemand"...
         Starting Permit User Sessions...
         Starting LSB: VirtualBox Linux Additions...
[[0;32m  OK  [0m] Started OpenBSD Secure Shell server.
[[0;32m  OK  [0m] Started LSB: Record successful boot for GRUB.
[[0;32m  OK  [0m] Started LSB: MD monitoring daemon.
[[0;32m  OK  [0m] Started Permit User Sessions.
[[0;32m  OK  [0m] Started LSB: Set the CPU Frequency Scaling governor to "ondemand".
[[0;32m  OK  [0m] Started LSB: daemon to balance interrupts for SMP systems.
[[0;32m  OK  [0m] Started LSB: automatic crash report generation.
[[0;32m  OK  [0m] Created slice User Slice of ubuntu.
[[0;32m  OK  [0m] Started Session 1 of user ubuntu.
         Starting User Manager for UID 1000...
         Starting Authenticate and Authorize Users to Run Privileged Tasks...
         Starting Hold until boot process finishes up...
         Starting Terminate Plymouth Boot Screen...
[[0;32m  OK  [0m] Started Hold until boot process finishes up.
[[0;32m  OK  [0m] Started Terminate Plymouth Boot Screen.
[[0;32m  OK  [0m] Started User Manager for UID 1000.
[[0;32m  OK  [0m] Started LSB: VirtualBox Linux Additions.
[[0;32m  OK  [0m] Started Snappy daemon.
[[0;32m  OK  [0m] Started Authenticate and Authorize Users to Run Privileged Tasks.
[[0;32m  OK  [0m] Started Accounts Service.
         Starting Auto import assertions from block devices...
         Starting Set console scheme...
[[0;32m  OK  [0m] Started Serial Getty on ttyS0.
[[0;32m  OK  [0m] Started Getty on tty1.
[[0;32m  OK  [0m] Reached target Login Prompts.
[[0;32m  OK  [0m] Started LXD - container startup/shutdown.
[[0;32m  OK  [0m] Started Auto import assertions from block devices.
[[0;32m  OK  [0m] Started Set console scheme.

Ubuntu 16.04.3 LTS ubuntu-xenial ttyS0

ubuntu-xenial login: [   66.568545] cloud-init[1512]: Cloud-init v. 0.7.9 running 'modules:final' at Wed, 14 Feb 2018 03:26:39 +0000. Up 66.08 seconds.
[   66.569507] cloud-init[1512]: Cloud-init v. 0.7.9 finished at Wed, 14 Feb 2018 03:26:39 +0000. Datasource DataSourceNoCloud [seed=/dev/sdb][dsmode=net].  Up 66.54 seconds
             Stopping Getty on tty1...
         Stopping LSB: automatic crash report generation...
         Stopping LSB: MD monitoring daemon...
         Stopping Unattended Upgrades Shutdown...
         Stopping FUSE filesystem for LXC...
         Stopping A high performance web server and a reverse proxy server...
         Stopping System Logging Service...
         Stopping D-Bus System Message Bus...
         Stopping Regular background program processing daemon...
         Stopping LXD - container startup/shutdown...
         Stopping LSB: VirtualBox Linux Additions...
         Stopping LSB: Set the CPU Frequency Scaling governor to "ondemand"...
         Stopping LSB: daemon to balance interrupts for SMP systems...
         Stopping MySQL Community Server...
         Stopping OpenBSD Secure Shell server...
         Stopping LSB: Record successful boot for GRUB...
         Stopping Snappy daemon...
[[0;32m  OK  [0m] Stopped Daily apt upgrade and clean activities.
[[0;32m  OK  [0m] Stopped Daily apt download activities.
[[0;32m  OK  [0m] Stopped target System Time Synchronized.
[[0;32m  OK  [0m] Unmounted /var/lib/lxcfs.
[[0;32m  OK  [0m] Stopped Regular background program processing daemon.
[[0;32m  OK  [0m] Stopped System Logging Service.
[[0;32m  OK  [0m] Stopped Deferred execution scheduler.
[[0;32m  OK  [0m] Stopped ACPI event daemon.
[[0;32m  OK  [0m] Stopped Snappy daemon.
[[0;32m  OK  [0m] Stopped Accounts Service.
[[0;32m  OK  [0m] Stopped OpenBSD Secure Shell server.
[[0;32m  OK  [0m] Stopped Authenticate and Authorize Users to Run Privileged Tasks.
[[0;32m  OK  [0m] Stopped Serial Getty on ttyS0.
[[0;32m  OK  [0m] Stopped Getty on tty1.
[[0;32m  OK  [0m] Stopped User Manager for UID 1000.
[[0;32m  OK  [0m] Stopped Session 5 of user ubuntu.
[[0;32m  OK  [0m] Stopped Unattended Upgrades Shutdown.
[[0;32m  OK  [0m] Stopped A high performance web server and a reverse proxy server.
[[0;32m  OK  [0m] Stopped D-Bus System Message Bus.
[[0;32m  OK  [0m] Stopped FUSE filesystem for LXC.
[[0;32m  OK  [0m] Stopped MySQL Community Server.
[[0;32m  OK  [0m] Stopped LSB: MD monitoring daemon.
[[0;32m  OK  [0m] Stopped LSB: automatic crash report generation.
[[0;32m  OK  [0m] Stopped LXD - container startup/shutdown.
[[0;32m  OK  [0m] Stopped LSB: Set the CPU Frequency Scaling governor to "ondemand".
[[0;32m  OK  [0m] Stopped LSB: VirtualBox Linux Additions.
[[0;32m  OK  [0m] Stopped LSB: daemon to balance interrupts for SMP systems.
[[0;32m  OK  [0m] Stopped LSB: Record successful boot for GRUB.
[[0;32m  OK  [0m] Removed slice User Slice of ubuntu.
         Stopping Login Service...
[[0;32m  OK  [0m] Removed slice system-getty.slice.
         Stopping Permit User Sessions...
[[0;32m  OK  [0m] Removed slice system-serial\x2dgetty.slice.
[[0;32m  OK  [0m] Stopped /etc/rc.local Compatibility.
[[0;32m  OK  [0m] Stopped Login Service.
[[0;32m  OK  [0m] Stopped Permit User Sessions.
[[0;32m  OK  [0m] Stopped target Remote File Systems.
[[0;32m  OK  [0m] Stopped target Remote File Systems (Pre).
         Stopping Login to default iSCSI targets...
[[0;32m  OK  [0m] Stopped target User and Group Name Lookups.
[[0;32m  OK  [0m] Stopped target Basic System.
[[0;32m  OK  [0m] Stopped target Slices.
[[0;32m  OK  [0m] Stopped target Sockets.
[[0;32m  OK  [0m] Closed Syslog Socket.
[[0;32m  OK  [0m] Closed ACPID Listen Socket.
[[0;32m  OK  [0m] Closed LXD - unix socket.
[[0;32m  OK  [0m] Closed Socket activation for snappy daemon.
[[0;32m  OK  [0m] Closed UUID daemon activation socket.
[[0;32m  OK  [0m] Stopped target Paths.
[[0;32m  OK  [0m] Stopped ACPI Events Check.
[[0;32m  OK  [0m] Stopped Forward Password Requests to Wall Directory Watch.
[[0;32m  OK  [0m] Stopped Dispatch Password Requests to Console Directory Watch.
[[0;32m  OK  [0m] Removed slice User and Session Slice.
[[0;32m  OK  [0m] Closed D-Bus System Message Bus Socket.
[[0;32m  OK  [0m] Stopped target System Initialization.
[[0;32m  OK  [0m] Stopped target Swap.
         Stopping Update UTMP about System Boot/Shutdown...
         Stopping Load/Save Random Seed...
[[0;32m  OK  [0m] Stopped target Encrypted Volumes.
[[0;32m  OK  [0m] Stopped Load/Save Random Seed.
[[0;32m  OK  [0m] Stopped Update UTMP about System Boot/Shutdown.
[[0;32m  OK  [0m] Stopped Login to default iSCSI targets.
         Stopping iSCSI initiator daemon (iscsid)...
[[0;32m  OK  [0m] Stopped Create Volatile Files and Directories.
[[0;32m  OK  [0m] Stopped iSCSI initiator daemon (iscsid).
[[0;32m  OK  [0m] Stopped target Network is Online.
[[0;32m  OK  [0m] Stopped Initial cloud-init job (metadata service crawler).
[[0;32m  OK  [0m] Stopped target Network.
         Stopping Raise network interfaces...
[[0;32m  OK  [0m] Stopped Raise network interfaces.
[[0;32m  OK  [0m] Stopped target Network (Pre).
[[0;32m  OK  [0m] Stopped Initial cloud-init job (pre-networking).
[[0;32m  OK  [0m] Stopped Apply Kernel Variables.
[[0;32m  OK  [0m] Stopped target Local File Systems.
         Unmounting /run/user/1000...
         Unmounting /vagrant...
[[0;32m  OK  [0m] Stopped Load Kernel Modules.
[[0;32m  OK  [0m] Unmounted /run/user/1000.
[[0;32m  OK  [0m] Unmounted /vagrant.
[[0;32m  OK  [0m] Reached target Unmount All Filesystems.
[[0;32m  OK  [0m] Stopped target Local File Systems (Pre).
         Stopping Monitoring of LVM2 mirrors... dmeventd or progress polling...
[[0;32m  OK  [0m] Stopped Create Static Device Nodes in /dev.
[[0;32m  OK  [0m] Stopped Remount Root and Kernel File Systems.
[[0;32m  OK  [0m] Reached target Shutdown.
[ 4023.208270] reboot: Power down
